// Vitest Snapshot v1

exports[`CLI: format > --dyr-run 1`] = `[]`;

exports[`CLI: format > --dyr-run 2`] = `[]`;

exports[`CLI: format > --help 1`] = `
[
  "Usage: program format [options]

Fix reference in local DDL files

Options:
  --dry-run   dry run (default: false)
  -h, --help  display help for command
",
]
`;

exports[`CLI: format > --help 2`] = `[]`;

exports[`CLI: pull > --dyr-run 1`] = `[]`;

exports[`CLI: pull > --dyr-run 2`] = `[]`;

exports[`CLI: pull > --help 1`] = `
[
  "Usage: program pull [options] [projects...]

pull dataset and its tabald and routine information

Options:
  --all       Pulling All BugQuery Datasets (default: false)
  --with-ddl  Pulling BigQuery Resources with DDL SQL (default: false)
  -h, --help  display help for command
",
]
`;

exports[`CLI: pull > --help 2`] = `[]`;

exports[`CLI: push > --help 1`] = `
[
  "Usage: program push [options] [projects...]

Deploy your local BigQuery Resources in topological-sorted order

Options:
  --force                                   Force to apply changes such as deletion without confirmation (default: false)
  --label <key:value...>                    A label to set on a query job. The format is \\"key:value\\"; repeat this option to specify a list of values
  -p, --parameter <key:value...>            Either a file containing a JSON list of query parameters, or a query parameter in the form \\"name:type:value\\".An empty name produces a positional parameter. The type may be omitted to assume STRING: name::value or ::value.The value \\"NULL\\" produces a null value. repeat this option to specify a list of values
  --maximum_bytes_billed <number of bytes>  The upper limit of bytes billed for the query.
  --dry-run                                 Dry Run (default: false)
  -h, --help                                display help for command
",
]
`;

exports[`CLI: push > --help 2`] = `[]`;
