// Vitest Snapshot v1, https://vitest.dev/guide/snapshot.html

exports[`CLI: format > --dyr-run 1`] = `[]`;

exports[`CLI: format > --dyr-run 2`] = `[]`;

exports[`CLI: format > --help 1`] = `
[
  "Usage: program format [options]

Fix reference in local DDL files

Options:
  --dry-run   dry run (default: false)
  -h, --help  display help for command
",
]
`;

exports[`CLI: format > --help 2`] = `[]`;
