// Vitest Snapshot v1

exports[`CLIv2: pull > pull --all 1`] = `Map {}`;

exports[`CLIv2: pull > pull --all 2`] = `[]`;

exports[`CLIv2: pull > pull --all 3`] = `
[
  "{\\"name\\":\\"# Check All Dataset and Resources\\",\\"result\\":\\"Total 3 resources\\"}",
]
`;

exports[`CLIv2: pull > pull --help 1`] = `Map {}`;

exports[`CLIv2: pull > pull --help 2`] = `[]`;

exports[`CLIv2: pull > pull --help 3`] = `
[
  "Usage: program pull [options] [ids...]

pull dataset and its tabald and routine information

Options:
  --all       Pulling All BugQuery Datasets (default: false)
  --with-ddl  Pulling BigQuery Resources with DDL SQL (default: false)
  -h, --help  display help for command
",
]
`;
