// Vitest Snapshot v1

exports[`syncMetadata: Pull > for Routine: bqutil.fn.int 1`] = `
{
  "arguments": [
    {
      "argumentKind": "ANY_TYPE",
      "name": "v",
    },
  ],
  "language": "SQL",
  "routineType": "SCALAR_FUNCTION",
}
`;

exports[`syncMetadata: Pull > for Table: bigquery-public-data:austin_bikeshare.bikeshare_stations 1`] = `
{
  "type": "TABLE",
}
`;

exports[`syncMetadata: Pull > for Table: bigquery-public-data:austin_bikeshare.bikeshare_stations 2`] = `
[
  {
    "mode": "NULLABLE",
    "name": "station_id",
    "type": "INTEGER",
  },
  {
    "mode": "NULLABLE",
    "name": "name",
    "type": "STRING",
  },
  {
    "mode": "NULLABLE",
    "name": "status",
    "type": "STRING",
  },
  {
    "mode": "NULLABLE",
    "name": "address",
    "type": "STRING",
  },
  {
    "mode": "NULLABLE",
    "name": "alternate_name",
    "type": "STRING",
  },
  {
    "mode": "NULLABLE",
    "name": "city_asset_number",
    "type": "INTEGER",
  },
  {
    "mode": "NULLABLE",
    "name": "property_type",
    "type": "STRING",
  },
  {
    "mode": "NULLABLE",
    "name": "number_of_docks",
    "type": "INTEGER",
  },
  {
    "mode": "NULLABLE",
    "name": "power_type",
    "type": "STRING",
  },
  {
    "mode": "NULLABLE",
    "name": "footprint_length",
    "type": "INTEGER",
  },
  {
    "mode": "NULLABLE",
    "name": "footprint_width",
    "type": "FLOAT",
  },
  {
    "mode": "NULLABLE",
    "name": "notes",
    "type": "STRING",
  },
  {
    "mode": "NULLABLE",
    "name": "council_district",
    "type": "INTEGER",
  },
  {
    "mode": "NULLABLE",
    "name": "modified_date",
    "type": "TIMESTAMP",
  },
]
`;

exports[`syncMetadata: Pull > for Table: bigquery-public-data:austin_bikeshare.bikeshare_stations 3`] = `"Austin Bikeshare Stations table"`;

exports[`syncMetadata: Push > for Table: sample_table 1`] = `
[
  {
    "description": "Updated description for 'id'",
    "name": "id",
    "type": "INTEGER",
  },
  {
    "name": "name",
    "type": "STRING",
  },
]
`;

exports[`syncMetadata: Push > for Table: sample_table 2`] = `
{
  "type": "TABLE",
}
`;
